<div style="display:flex;flex-direction: row;align-items: center;font-family: Avenir Next;height: 90%;justify-content: center;"><div style="align-items:center;border: 1px solid #CCCCCC;cursor: pointer;display: flex;height: 100px;justify-content: center;margin: 10px;width: 100px;" data-outlets="[{&#34;Event&#34;:&#34;mouseover&#34;,&#34;Path&#34;:&#34;home/app-over&#34;,&#34;Data&#34;:&#34;{\&#34;App\&#34;:1}&#34;,&#34;Revision&#34;:&#34;&#34;}]">Tasks</div><div style="align-items:center;border: 1px solid #CCCCCC;cursor: pointer;display: flex;height: 100px;justify-content: center;margin: 10px;width: 100px;" data-outlets="[{&#34;Event&#34;:&#34;mouseover&#34;,&#34;Path&#34;:&#34;home/app-over&#34;,&#34;Data&#34;:&#34;{\&#34;App\&#34;:2}&#34;,&#34;Revision&#34;:&#34;&#34;}]">Tags</div><div style="align-items:center;border: 1px solid #CCCCCC;cursor: pointer;display: flex;height: 100px;justify-content: center;margin: 10px;width: 100px;" data-outlets="[{&#34;Event&#34;:&#34;mouseover&#34;,&#34;Path&#34;:&#34;home/app-over&#34;,&#34;Data&#34;:&#34;{\&#34;App\&#34;:3}&#34;,&#34;Revision&#34;:&#34;&#34;}]">Notes</div></div>